
> ledger-node-prisma@1.0.0 test
> cross-env NODE_ENV=test jest --runInBand --forceExit

{"level":30,"time":1765475770977,"pid":40120,"hostname":"DESKTOP-USIUD0D","method":"POST","url":"/transfers"}
{"level":50,"time":1765475770993,"pid":40120,"hostname":"DESKTOP-USIUD0D","err":{"type":"PrismaClientKnownRequestError","message":"\nInvalid `prisma.$queryRawUnsafe()` invocation:\n\n\nRaw query failed. Code: `42883`. Message: `ERROR: operator does not exist: uuid = text\nHINT: No operator matches the given name and argument types. You might need to add explicit type casts.`","stack":"PrismaClientKnownRequestError: \nInvalid `prisma.$queryRawUnsafe()` invocation:\n\n\nRaw query failed. Code: `42883`. Message: `ERROR: operator does not exist: uuid = text\nHINT: No operator matches the given name and argument types. You might need to add explicit type casts.`\n    at $n.handleRequestError (C:\\Financial_legder\\node_modules\\@prisma\\client\\runtime\\library.js:121:7315)\n    at $n.handleAndLogRequestError (C:\\Financial_legder\\node_modules\\@prisma\\client\\runtime\\library.js:121:6623)\n    at $n.request (C:\\Financial_legder\\node_modules\\@prisma\\client\\runtime\\library.js:121:6307)\n    at l (C:\\Financial_legder\\node_modules\\@prisma\\client\\runtime\\library.js:130:9633)\n    at prisma.$transaction.isolationLevel (C:\\Financial_legder\\src\\services\\ledgerService.js:41:7)\n    at Proxy._transactionWithCallback (C:\\Financial_legder\\node_modules\\@prisma\\client\\runtime\\library.js:130:8000)\n    at C:\\Financial_legder\\src\\routes\\flows.js:29:20","name":"PrismaClientKnownRequestError","code":"P2010","clientVersion":"5.22.0","meta":{"type":"Object","message":"ERROR: operator does not exist: uuid = text\nHINT: No operator matches the given name and argument types. You might need to add explicit type casts.","stack":"","code":"42883"}},"msg":"\nInvalid `prisma.$queryRawUnsafe()` invocation:\n\n\nRaw query failed. Code: `42883`. Message: `ERROR: operator does not exist: uuid = text\nHINT: No operator matches the given name and argument types. You might need to add explicit type casts.`"}
{"level":30,"time":1765475771026,"pid":40120,"hostname":"DESKTOP-USIUD0D","method":"POST","url":"/transfers"}
{"level":50,"time":1765475771030,"pid":40120,"hostname":"DESKTOP-USIUD0D","err":{"type":"PrismaClientKnownRequestError","message":"\nInvalid `prisma.$queryRawUnsafe()` invocation:\n\n\nRaw query failed. Code: `42883`. Message: `ERROR: operator does not exist: uuid = text\nHINT: No operator matches the given name and argument types. You might need to add explicit type casts.`","stack":"PrismaClientKnownRequestError: \nInvalid `prisma.$queryRawUnsafe()` invocation:\n\n\nRaw query failed. Code: `42883`. Message: `ERROR: operator does not exist: uuid = text\nHINT: No operator matches the given name and argument types. You might need to add explicit type casts.`\n    at $n.handleRequestError (C:\\Financial_legder\\node_modules\\@prisma\\client\\runtime\\library.js:121:7315)\n    at $n.handleAndLogRequestError (C:\\Financial_legder\\node_modules\\@prisma\\client\\runtime\\library.js:121:6623)\n    at $n.request (C:\\Financial_legder\\node_modules\\@prisma\\client\\runtime\\library.js:121:6307)\n    at l (C:\\Financial_legder\\node_modules\\@prisma\\client\\runtime\\library.js:130:9633)\n    at prisma.$transaction.isolationLevel (C:\\Financial_legder\\src\\services\\ledgerService.js:41:7)\n    at Proxy._transactionWithCallback (C:\\Financial_legder\\node_modules\\@prisma\\client\\runtime\\library.js:130:8000)\n    at C:\\Financial_legder\\src\\routes\\flows.js:29:20","name":"PrismaClientKnownRequestError","code":"P2010","clientVersion":"5.22.0","meta":{"type":"Object","message":"ERROR: operator does not exist: uuid = text\nHINT: No operator matches the given name and argument types. You might need to add explicit type casts.","stack":"","code":"42883"}},"msg":"\nInvalid `prisma.$queryRawUnsafe()` invocation:\n\n\nRaw query failed. Code: `42883`. Message: `ERROR: operator does not exist: uuid = text\nHINT: No operator matches the given name and argument types. You might need to add explicit type casts.`"}
{"level":30,"time":1765475771051,"pid":40120,"hostname":"DESKTOP-USIUD0D","method":"POST","url":"/transfers"}
{"level":30,"time":1765475771051,"pid":40120,"hostname":"DESKTOP-USIUD0D","method":"POST","url":"/transfers"}
{"level":30,"time":1765475771052,"pid":40120,"hostname":"DESKTOP-USIUD0D","method":"POST","url":"/transfers"}
{"level":30,"time":1765475771053,"pid":40120,"hostname":"DESKTOP-USIUD0D","method":"POST","url":"/transfers"}
{"level":30,"time":1765475771054,"pid":40120,"hostname":"DESKTOP-USIUD0D","method":"POST","url":"/transfers"}
{"level":50,"time":1765475771057,"pid":40120,"hostname":"DESKTOP-USIUD0D","err":{"type":"PrismaClientKnownRequestError","message":"\nInvalid `prisma.$queryRawUnsafe()` invocation:\n\n\nRaw query failed. Code: `42883`. Message: `ERROR: operator does not exist: uuid = text\nHINT: No operator matches the given name and argument types. You might need to add explicit type casts.`","stack":"PrismaClientKnownRequestError: \nInvalid `prisma.$queryRawUnsafe()` invocation:\n\n\nRaw query failed. Code: `42883`. Message: `ERROR: operator does not exist: uuid = text\nHINT: No operator matches the given name and argument types. You might need to add explicit type casts.`\n    at $n.handleRequestError (C:\\Financial_legder\\node_modules\\@prisma\\client\\runtime\\library.js:121:7315)\n    at $n.handleAndLogRequestError (C:\\Financial_legder\\node_modules\\@prisma\\client\\runtime\\library.js:121:6623)\n    at $n.request (C:\\Financial_legder\\node_modules\\@prisma\\client\\runtime\\library.js:121:6307)\n    at l (C:\\Financial_legder\\node_modules\\@prisma\\client\\runtime\\library.js:130:9633)\n    at prisma.$transaction.isolationLevel (C:\\Financial_legder\\src\\services\\ledgerService.js:41:7)\n    at Proxy._transactionWithCallback (C:\\Financial_legder\\node_modules\\@prisma\\client\\runtime\\library.js:130:8000)\n    at C:\\Financial_legder\\src\\routes\\flows.js:29:20","name":"PrismaClientKnownRequestError","code":"P2010","clientVersion":"5.22.0","meta":{"type":"Object","message":"ERROR: operator does not exist: uuid = text\nHINT: No operator matches the given name and argument types. You might need to add explicit type casts.","stack":"","code":"42883"}},"msg":"\nInvalid `prisma.$queryRawUnsafe()` invocation:\n\n\nRaw query failed. Code: `42883`. Message: `ERROR: operator does not exist: uuid = text\nHINT: No operator matches the given name and argument types. You might need to add explicit type casts.`"}
node.exe : FAIL src/_tests_/ledger.test.js
At line:1 char:1
+ & "C:\Program Files\nodejs/node.exe" "C:\Program Files\nodejs/node_mo ...
+ ~~~~~~~~~~~~~~~~~~~~~~~~~~~~~~~~~~~~~~~~~~~~~~~~~~~~~~~~~~~~~~~~~~~~~
    + CategoryInfo          : NotSpecified: (FAIL src/_tests_/ledger.test.js:String) [], RemoteException
    + FullyQualifiedErrorId : NativeCommandError
 
  ΓùÅ Ledger API ΓÇ║ transfer succeeds and creates ledger entries

    expect(received).toBe(expected) // Object.is equality

    Expected: 201
    Received: 500

    [0m [90m 52 |[39m       })[33m;[39m
     [90m 53 |[39m
    [31m[1m>[22m[39m[90m 54 |[39m     expect(res[33m.[39mstatus)[33m.[39mtoBe([35m201[39m)[33m;[39m
     [90m    |[39m                        [31m[1m^[22m[39m
     [90m 55 |[39m     expect(res[33m.[39mbody[33m.[39mstatus)[33m.[39mtoBe([32m"completed"[39m)[33m;[39m
     [90m 56 |[39m
     [90m 57 |[39m     [36mconst[39m ledgerA [33m=[39m [36mawait[39m 
prisma[33m.[39mledgerEntry[33m.[39mfindMany({ where[33m:[39m { accountId[33m:[39m accountA[33m.[39mid } 
})[33m;[39m[0m

      at Object.toBe (src/_tests_/ledger.test.js:54:24)

  ΓùÅ Ledger API ΓÇ║ transfer fails on insufficient funds

    expect(received).toBe(expected) // Object.is equality

    Expected: 422
    Received: 500

    [0m [90m 72 |[39m       })[33m;[39m
     [90m 73 |[39m
    [31m[1m>[22m[39m[90m 74 |[39m     expect(res[33m.[39mstatus)[33m.[39mtoBe([35m422[39m)[33m;[39m
     [90m    |[39m                        [31m[1m^[22m[39m
     [90m 75 |[39m     expect(res[33m.[39mbody[33m.[39merror)[33m.[39mtoMatch([35m/insufficient 
funds/i[39m)[33m;[39m
     [90m 76 |[39m   })[33m;[39m
     [90m 77 |[39m[0m

      at Object.toBe (src/_tests_/ledger.test.js:74:24)

  ΓùÅ Ledger API ΓÇ║ concurrent transfers do not overdraft

    expect(received).toBe(expected) // Object.is equality

    Expected: 1
    Received: 0

    [0m [90m  96 |[39m
     [90m  97 |[39m     [36mconst[39m successCount [33m=[39m results[33m.[39mfilter(r [33m=>[39m 
r[33m.[39mstatus [33m===[39m [35m201[39m)[33m.[39mlength[33m;[39m
    [31m[1m>[22m[39m[90m  98 |[39m     expect(successCount)[33m.[39mtoBe([35m1[39m)[33m;[39m
     [90m     |[39m                          [31m[1m^[22m[39m
     [90m  99 |[39m
     [90m 100 |[39m     [36mconst[39m accountAfter [33m=[39m [36mawait[39m 
prisma[33m.[39maccount[33m.[39mfindUnique({ where[33m:[39m { id[33m:[39m accountA[33m.[39mid } })[33m;[39m
     [90m 101 |[39m     
expect([33mNumber[39m(accountAfter[33m.[39mbalance))[33m.[39mtoBeGreaterThanOrEqual([35m0[39m)[33m;[39m[0m

      at Object.toBe (src/_tests_/ledger.test.js:98:26)

{"level":50,"time":1765475773072,"pid":40120,"hostname":"DESKTOP-USIUD0D","err":{"type":"PrismaClientKnownRequestError","message":"Transaction API error: Unable to start a transaction in the given time.","stack":"PrismaClientKnownRequestError: Transaction API error: Unable to start a transaction in the given time.\n    at _r.transaction (C:\\Financial_legder\\node_modules\\@prisma\\client\\runtime\\library.js:111:12319)\n    at Proxy._transactionWithCallback (C:\\Financial_legder\\node_modules\\@prisma\\client\\runtime\\library.js:130:7924)\n    at C:\\Financial_legder\\src\\routes\\flows.js:29:20","name":"PrismaClientKnownRequestError","code":"P2028","clientVersion":"5.22.0","meta":{"error":"Unable to start a transaction in the given time."}},"msg":"Transaction API error: Unable to start a transaction in the given time."}
{"level":50,"time":1765475773073,"pid":40120,"hostname":"DESKTOP-USIUD0D","err":{"type":"PrismaClientKnownRequestError","message":"Transaction API error: Unable to start a transaction in the given time.","stack":"PrismaClientKnownRequestError: Transaction API error: Unable to start a transaction in the given time.\n    at _r.transaction (C:\\Financial_legder\\node_modules\\@prisma\\client\\runtime\\library.js:111:12319)\n    at Proxy._transactionWithCallback (C:\\Financial_legder\\node_modules\\@prisma\\client\\runtime\\library.js:130:7924)\n    at C:\\Financial_legder\\src\\routes\\flows.js:29:20","name":"PrismaClientKnownRequestError","code":"P2028","clientVersion":"5.22.0","meta":{"error":"Unable to start a transaction in the given time."}},"msg":"Transaction API error: Unable to start a transaction in the given time."}
{"level":50,"time":1765475773075,"pid":40120,"hostname":"DESKTOP-USIUD0D","err":{"type":"PrismaClientKnownRequestError","message":"Transaction API error: Unable to start a transaction in the given time.","stack":"PrismaClientKnownRequestError: Transaction API error: Unable to start a transaction in the given time.\n    at _r.transaction (C:\\Financial_legder\\node_modules\\@prisma\\client\\runtime\\library.js:111:12319)\n    at Proxy._transactionWithCallback (C:\\Financial_legder\\node_modules\\@prisma\\client\\runtime\\library.js:130:7924)\n    at C:\\Financial_legder\\src\\routes\\flows.js:29:20","name":"PrismaClientKnownRequestError","code":"P2028","clientVersion":"5.22.0","meta":{"error":"Unable to start a transaction in the given time."}},"msg":"Transaction API error: Unable to start a transaction in the given time."}
{"level":50,"time":1765475773076,"pid":40120,"hostname":"DESKTOP-USIUD0D","err":{"type":"PrismaClientKnownRequestError","message":"Transaction API error: Unable to start a transaction in the given time.","stack":"PrismaClientKnownRequestError: Transaction API error: Unable to start a transaction in the given time.\n    at _r.transaction (C:\\Financial_legder\\node_modules\\@prisma\\client\\runtime\\library.js:111:12319)\n    at Proxy._transactionWithCallback (C:\\Financial_legder\\node_modules\\@prisma\\client\\runtime\\library.js:130:7924)\n    at C:\\Financial_legder\\src\\routes\\flows.js:29:20","name":"PrismaClientKnownRequestError","code":"P2028","clientVersion":"5.22.0","meta":{"error":"Unable to start a transaction in the given time."}},"msg":"Transaction API error: Unable to start a transaction in the given time."}
